exports[`render GlobalStatus renders a failed GlobalStatus 1`] = `
<div
  className="alert alert-success"
  role="alert">
  test
</div>
`;

exports[`render GlobalStatus renders a healthy GlobalStatus 1`] = `
<div
  className="alert alert-success"
  role="alert">
  test
</div>
`;

exports[`render GlobalStatus renders a pending GlobalStatus 1`] = `
<div
  className="alert alert-success"
  role="alert">
  test
</div>
`;

exports[`render GlobalStatus renders a warning GlobalStatus 1`] = `
<div
  className="alert alert-success"
  role="alert">
  test
</div>
`;
